// Jest Snapshot v1, https://goo.gl/fbAQLP

exports[`<InputField /> rendering Get a snapshop 1`] = `
"<form data-testid=\\"addTodo\\" className=\\"makeStyles-input-1\\" onSubmit={[Function: onSubmit]}>
  <ForwardRef(InputBase) type=\\"text\\" size=\\"small\\" placeholder=\\"Enter a Task\\" name=\\"todo\\" value=\\"\\" onChange={[Function: onChange]} className=\\"makeStyles-inputBox-3\\" />
  <ForwardRef(Button) type=\\"submit\\" variant=\\"text\\" className=\\"makeStyles-inputSubmit-2\\">
    Go
  </ForwardRef(Button)>
</form>"
`;
